
> crypto-analyzer@0.1.0 build
> next build

Γû▓ Next.js 16.2.6 (Turbopack)

  Creating an optimized production build ...
Γ£ô Compiled successfully in 3.8s
  Running TypeScript ...
  Finished TypeScript in 3.5s ...
  Collecting page data using 7 workers ...
  Generating static pages using 7 workers (0/6) ...
  Generating static pages using 7 workers (1/6) 
  Generating static pages using 7 workers (2/6) 
  Generating static pages using 7 workers (4/6) 
Γ£ô Generating static pages using 7 workers (6/6) in 1150ms
  Finalizing page optimization ...

Route (app)
Γöî Γùï /
Γö£ Γùï /_not-found
Γö£ ╞Æ /api/analyze
Γöö ╞Æ /api/backtest


Γùï  (Static)   prerendered as static content
╞Æ  (Dynamic)  server-rendered on demand

